src/components/pages/Buyer/FavoritesPage.tsx(4,25): error TS2307: Cannot find module '../ui/ProductCard' or its corresponding type declarations.
src/components/pages/Buyer/FavoritesPage.tsx(5,50): error TS2307: Cannot find module '../../api/apiConfig' or its corresponding type declarations.
src/components/pages/Buyer/FavoritesPage.tsx(6,30): error TS2307: Cannot find module '../../types' or its corresponding type declarations.
src/components/pages/Farmer/FarmerDashboard.tsx(14,24): error TS2305: Module '"../../../api/apiConfig"' has no exported member 'getServerStaticOrigin'.
